// Vitest Snapshot v1, https://vitest.dev/guide/snapshot.html

exports[`toDocxColor > with #f00 1`] = `"ff0000"`;

exports[`toDocxColor > with #ff0000 1`] = `"ff0000"`;

exports[`toDocxColor > with oklch(70% 0.197 22.73) 1`] = `"ff6062"`;

exports[`toDocxColor > with red 1`] = `"ff0000"`;

exports[`toDocxColor > with rgb(255, 0, 0) 1`] = `"ff0000"`;

exports[`toDocxColor > with rgba(255, 0, 0, 0.5) [WARNS] 1`] = `"ff0000"`;

exports[`toDocxColor > with rgba(255, 0, 0, 0.5) [warns] 1`] = `"ff0000"`;

exports[`toDocxColor > with rgba(255, 0, 0, 0.5) 1`] = `"ff0000"`;
