// Vitest Snapshot v1, https://vitest.dev/guide/snapshot.html

exports[`joinNestedKeys > passing deep object 1`] = `
[
  [
    "*",
    {
      "break-inside": "var(--mock-variable-break-inside)",
      "color": "var(--mock-variable-color)",
      "font-family": "var(--mock-variable-font-family)",
      "font-size": "var(--mock-variable-font-size)",
      "font-style": "var(--mock-variable-font-style)",
      "font-weight": "var(--mock-variable-font-weight)",
      "line-height": "var(--mock-variable-line-height)",
      "text-align": "var(--mock-variable-text-align)",
      "text-decoration": "var(--mock-variable-text-decoration)",
      "text-transform": "var(--mock-variable-text-transform)",
    },
  ],
  [
    ":where(b)",
    {
      "--mock-variable-font-weight": "bold",
    },
  ],
  [
    ":where(strong)",
    {
      "--mock-variable-font-weight": "bold",
    },
  ],
  [
    ":where(em)",
    {
      "--mock-variable-font-style": "italic",
    },
  ],
  [
    ":where(u)",
    {
      "--mock-variable-text-decoration": "underline",
    },
  ],
  [
    ":where(s)",
    {
      "--mock-variable-text-decoration": "line-through",
    },
  ],
  [
    ":where(sup)",
    {},
  ],
  [
    ":where(sub)",
    {},
  ],
  [
    ".mock-class-name-mock-variant",
    {
      "--mock-variable-mock-variant-color": "var(--mock-color, #00ff00)",
      "--mock-variable-mock-variant-font-weight": "bold",
    },
  ],
  [
    ":where(.mock-class-name-mock-variant *)",
    {
      "break-inside": "var(--mock-variable-break-inside, var(--mock-variable-mock-variant-break-inside))",
      "color": "var(--mock-variable-color, var(--mock-variable-mock-variant-color))",
      "font-family": "var(--mock-variable-font-family, var(--mock-variable-mock-variant-font-family))",
      "font-size": "var(--mock-variable-font-size, var(--mock-variable-mock-variant-font-size))",
      "font-style": "var(--mock-variable-font-style, var(--mock-variable-mock-variant-font-style))",
      "font-weight": "var(--mock-variable-font-weight, var(--mock-variable-mock-variant-font-weight))",
      "line-height": "var(--mock-variable-line-height, var(--mock-variable-mock-variant-line-height))",
      "text-align": "var(--mock-variable-text-align, var(--mock-variable-mock-variant-text-align))",
      "text-decoration": "var(--mock-variable-text-decoration, var(--mock-variable-mock-variant-text-decoration))",
      "text-transform": "var(--mock-variable-text-transform, var(--mock-variable-mock-variant-text-transform))",
    },
  ],
  [
    ":where(h1, .mock-class-name-title)",
    {
      "--mock-variable-title-color": "#0000ff",
    },
  ],
  [
    ":where(:where(h1, .mock-class-name-title) *)",
    {
      "break-inside": "var(--mock-variable-break-inside, var(--mock-variable-title-break-inside))",
      "color": "var(--mock-variable-color, var(--mock-variable-title-color))",
      "font-family": "var(--mock-variable-font-family, var(--mock-variable-title-font-family))",
      "font-size": "var(--mock-variable-font-size, var(--mock-variable-title-font-size))",
      "font-style": "var(--mock-variable-font-style, var(--mock-variable-title-font-style))",
      "font-weight": "var(--mock-variable-font-weight, var(--mock-variable-title-font-weight))",
      "line-height": "var(--mock-variable-line-height, var(--mock-variable-title-line-height))",
      "text-align": "var(--mock-variable-text-align, var(--mock-variable-title-text-align))",
      "text-decoration": "var(--mock-variable-text-decoration, var(--mock-variable-title-text-decoration))",
      "text-transform": "var(--mock-variable-text-transform, var(--mock-variable-title-text-transform))",
    },
  ],
]
`;
